1. Handled unhandled route errors
2. Implement a Global error handler
3. Add error handler for async functions